---
source: src/utils.rs
expression: post
---
TestMe
